muxpart__19: transmitter__GCB75, 
case__219: case__219_transmitter__GD, 
muxpart__43: transmitter__GCB75, 
datapath__10: datapath__10_transmitter__GD, 
muxpart__44: transmitter__GCB75, 
logic__436: receiver__GB1, 
case__248: receiver__GB1, 
case__210: case__210_transmitter__GD, 
logic__103: transmitter__GCB75, 
case__254: receiver__GB1, 
case__149: case__149_transmitter__GD, 
logic__9: top_ip__GC0, 
datapath__3: transmitter__GCB59, 
case__180_transmitter__GD: case__180_transmitter__GD, 
case__155: transmitter__GCB59, 
case__226: receiver__GB1, 
case__23: transmitter__GCB75, 
case__187_transmitter__GD: case__187_transmitter__GD, 
case__130: fsm__GB0, 
muxpart__6: top_ip__GC0, 
muxpart__12: transmitter__GCB75, 
case__214_transmitter__GD: case__214_transmitter__GD, 
case__243: receiver__GB1, 
logic__147: transmitter__GCB75, 
case__164_transmitter__GD: case__164_transmitter__GD, 
transmitter__GCB59: transmitter__GCB59, 
case__197: case__197_transmitter__GD, 
transmitter__GCB74: transmitter__GCB74, 
case__168: case__168_transmitter__GD, 
case__123: fsm__GB0, 
case__172_transmitter__GD: case__172_transmitter__GD, 
logic__137: transmitter__GCB75, 
case__207: case__207_transmitter__GD, 
case__97: fsm__GB0, 
case__191_transmitter__GD: case__191_transmitter__GD, 
logic__24: top_ip__GC0, 
case__206: case__206_transmitter__GD, 
logic__135: transmitter__GCB75, 
case__147: fsm__GB0, 
datapath__23: receiver__GB1, 
case__93: fsm__GB0, 
case__221: case__221_transmitter__GD, 
case__220: case__220_transmitter__GD, 
datapath__11: datapath__11_transmitter__GD, 
muxpart__1: top_ip__GC0, 
case__257: receiver__GB1, 
case__200_transmitter__GD: case__200_transmitter__GD, 
case__20: transmitter__GCB59, 
muxpart__31: transmitter__GCB75, 
logic__207: transmitter__GCB59, 
muxpart__53: transmitter__GCB75, 
datapath__12: datapath__12_transmitter__GD, 
case__198_transmitter__GD: case__198_transmitter__GD, 
case__148: fsm__GB0, 
logic__14: top_ip__GC0, 
datapath__13: transmitter__GCB59, 
case__12: transmitter__GCB59, 
case__179: case__179_transmitter__GD, 
case__160: case__160_transmitter__GD, 
case__159: transmitter__GCB59, 
encoder_4to2: top_ip__GC0, 
case__167: case__167_transmitter__GD, 
logic__19: top_ip__GC0, 
datapath__21: receiver__GB1, 
muxpart__51: transmitter__GCB75, 
case__193_transmitter__GD: case__193_transmitter__GD, 
logic__184: transmitter__GCB75, 
case__249: receiver__GB1, 
case__222: case__222_transmitter__GD, 
datapath__6: transmitter__GCB74, 
muxpart__55: transmitter__GCB75, 
case__104: fsm__GB0, 
logic__394: receiver__GB1, 
logic__115: transmitter__GCB75, 
case__161: case__161_transmitter__GD, 
muxpart__4: top_ip__GC0, 
reg__1: top_ip__GC0, 
case__225: receiver__GB1, 
logic__119: transmitter__GCB75, 
case__25: transmitter__GCB75, 
case__140: fsm__GB0, 
logic__193: transmitter__GCB75, 
datapath__14: transmitter__GCB59, 
reg__17: top_ip__GC0, 
case__183: case__183_transmitter__GD, 
case__132: fsm__GB0, 
reg__21_transmitter: reg__21_transmitter, 
muxpart__15: transmitter__GCB75, 
logic__123: transmitter__GCB75, 
case__180: case__180_transmitter__GD, 
muxpart__24: transmitter__GCB75, 
logic__141: transmitter__GCB75, 
case__218_transmitter__GD: case__218_transmitter__GD, 
logic__1: top_ip__GC0, 
logic__152: transmitter__GCB75, 
muxpart: top_ip__GC0, 
case__188: case__188_transmitter__GD, 
case__175_transmitter__GD: case__175_transmitter__GD, 
logic__168: transmitter__GCB75, 
case__114: fsm__GB0, 
case__166: case__166_transmitter__GD, 
datapath__12_transmitter__GD: datapath__12_transmitter__GD, 
case__250: receiver__GB1, 
logic__35: top_ip__GC0, 
logic__17: top_ip__GC0, 
case__218: case__218_transmitter__GD, 
case__223_transmitter__GD: case__223_transmitter__GD, 
muxpart__3: top_ip__GC0, 
logic__149: transmitter__GCB75, 
case__209: case__209_transmitter__GD, 
muxpart__124: receiver__GB1, 
reg__30: receiver__GB1, 
case__256_receiver__GD: case__256_receiver__GD, 
muxpart__11: transmitter__GCB75, 
case__215_transmitter__GD: case__215_transmitter__GD, 
case__185: case__185_transmitter__GD, 
logic__175: transmitter__GCB75, 
logic__30: top_ip__GC0, 
logic__165: transmitter__GCB75, 
bin_to_gray: top_ip__GC0, 
case__120: fsm__GB0, 
case__1: top_ip__GC0, 
muxpart__10: transmitter__GCB75, 
case__186_transmitter__GD: case__186_transmitter__GD, 
reg__32: receiver__GB1, 
case__112: fsm__GB0, 
case__174: case__174_transmitter__GD, 
case__150: fsm__GB0, 
reg__15: top_ip__GC0, 
logic__157: transmitter__GCB75, 
case__204_transmitter__GD: case__204_transmitter__GD, 
logic__34: top_ip__GC0, 
muxpart__8: top_ip__GC0, 
muxpart__39: transmitter__GCB75, 
counter: receiver__GB1, 
logic__121: transmitter__GCB75, 
muxpart__32: transmitter__GCB75, 
case__168_transmitter__GD: case__168_transmitter__GD, 
case__190_transmitter__GD: case__190_transmitter__GD, 
case__7: top_ip__GC0, 
logic__129: transmitter__GCB75, 
case__14: transmitter__GCB59, 
case__211: case__211_transmitter__GD, 
logic__143: transmitter__GCB75, 
muxpart__22: transmitter__GCB75, 
case__256: case__256_receiver__GD, 
case__195_transmitter__GD: case__195_transmitter__GD, 
logic__41: top_ip__GC0, 
muxpart__38: transmitter__GCB75, 
case__211_transmitter__GD: case__211_transmitter__GD, 
case__200: case__200_transmitter__GD, 
case__197_transmitter__GD: case__197_transmitter__GD, 
datapath__15: transmitter__GCB75, 
receiver__GB1: receiver__GB1, 
muxpart__120: transmitter__GCB44, 
case__191: case__191_transmitter__GD, 
reg__19: transmitter__GCB59, 
muxpart__5: top_ip__GC0, 
muxpart__36: transmitter__GCB75, 
muxpart__35: transmitter__GCB75, 
case__222_transmitter__GD: case__222_transmitter__GD, 
logic__109: transmitter__GCB75, 
case__10: top_ip__GC0, 
encoder_16to1: top_ip__GC0, 
case__137: fsm__GB0, 
reg__26: transmitter__GCB59, 
case__124: fsm__GB0, 
muxpart__46: transmitter__GCB75, 
case__217_transmitter__GD: case__217_transmitter__GD, 
case__154: fsm__GB0, 
logic__21: top_ip__GC0, 
logic__192: transmitter__GCB59, 
logic__153: transmitter__GCB75, 
case__118: fsm__GB0, 
transmitter__GCB75: transmitter__GCB75, 
datapath__16: transmitter__GCB59, 
case__127: fsm__GB0, 
case__101: fsm__GB0, 
case__170: case__170_transmitter__GD, 
case__202_transmitter__GD: case__202_transmitter__GD, 
muxpart__41: transmitter__GCB75, 
datapath__11_transmitter__GD: datapath__11_transmitter__GD, 
reg__8: top_ip__GC0, 
case__5: top_ip__GC0, 
fsm__GB0: fsm__GB0, 
case__190: case__190_transmitter__GD, 
reg__2: top_ip__GC0, 
case__102: fsm__GB0, 
logic__33: top_ip__GC0, 
case__26: transmitter__GCB75, 
case__158: transmitter__GCB59, 
logic__26: top_ip__GC0, 
muxpart__28: transmitter__GCB75, 
case__176_transmitter__GD: case__176_transmitter__GD, 
case__194_transmitter__GD: case__194_transmitter__GD, 
case__21: transmitter__GCB59, 
case__203: case__203_transmitter__GD, 
muxpart__125: receiver__GB1, 
muxpart__121_transmitter: muxpart__121_transmitter, 
logic__2: top_ip__GC0, 
case__242: receiver__GB1, 
muxpart__17: transmitter__GCB75, 
muxpart__16: transmitter__GCB75, 
muxpart__25: transmitter__GCB75, 
case__121: fsm__GB0, 
reg__3: top_ip__GC0, 
logic__161: transmitter__GCB75, 
logic__173: transmitter__GCB75, 
case__163: case__163_transmitter__GD, 
logic__393: receiver__GB1, 
logic__105: transmitter__GCB75, 
logic__163: transmitter__GCB75, 
case__16: transmitter__GCB75, 
case__128: fsm__GB0, 
muxpart__14: transmitter__GCB75, 
case__179_transmitter__GD: case__179_transmitter__GD, 
gray_to_bin: top_ip__GC0, 
logic__131: transmitter__GCB75, 
case__19: case__19_transmitter__GD, 
case__244: receiver__GB1, 
datapath__9: transmitter__GCB59, 
case__138: fsm__GB0, 
muxpart__48: transmitter__GCB75, 
case__252: receiver__GB1, 
muxpart__23: transmitter__GCB75, 
muxpart__2: top_ip__GC0, 
muxpart__52: transmitter__GCB75, 
case__216_transmitter__GD: case__216_transmitter__GD, 
logic__395: receiver__GB1, 
case__189: case__189_transmitter__GD, 
muxpart__33: transmitter__GCB75, 
reg__5: top_ip__GC0, 
case__143: fsm__GB0, 
reg__14: top_ip__GC0, 
logic__155: transmitter__GCB75, 
logic__133: transmitter__GCB75, 
case__192: case__192_transmitter__GD, 
case__178: case__178_transmitter__GD, 
reg__18: transmitter__GCB59, 
reg__12: top_ip__GC0, 
reg__9: top_ip__GC0, 
case__2: top_ip__GC0, 
case__213: case__213_transmitter__GD, 
case__174_transmitter__GD: case__174_transmitter__GD, 
case__178_transmitter__GD: case__178_transmitter__GD, 
case__247: receiver__GB1, 
dsp48e2__2: receiver__GB1, 
logic__15: top_ip__GC0, 
logic__167: transmitter__GCB75, 
logic__177: transmitter__GCB75, 
muxpart__47: transmitter__GCB75, 
reg: top_ip__GC0, 
logic__139: transmitter__GCB75, 
muxpart__56: transmitter__GCB75, 
case__162: case__162_transmitter__GD, 
case__245: receiver__GB1, 
case__169_transmitter__GD: case__169_transmitter__GD, 
datapath__2: transmitter__GCB59, 
case__199: case__199_transmitter__GD, 
case__175: case__175_transmitter__GD, 
encoder_16to4: top_ip__GC0, 
case__187: case__187_transmitter__GD, 
case__165_transmitter__GD: case__165_transmitter__GD, 
case__184_transmitter__GD: case__184_transmitter__GD, 
case__156: transmitter__GCB59, 
reg__31: receiver__GB1, 
case__135: fsm__GB0, 
muxpart__50: transmitter__GCB75, 
logic__91: transmitter__GCB75, 
case__203_transmitter__GD: case__203_transmitter__GD, 
case__208_transmitter__GD: case__208_transmitter__GD, 
case__253: receiver__GB1, 
reg__7: top_ip__GC0, 
logic__117: transmitter__GCB75, 
case__126: fsm__GB0, 
logic__182: transmitter__GCB75, 
datapath__24: receiver__GB1, 
datapath__19: receiver__GB1, 
logic__65: top_ip__GC0, 
muxpart__26: transmitter__GCB75, 
dsp48e2__1: transmitter__GCB59, 
datapath__20: receiver__GB1, 
case__111: fsm__GB0, 
case__221_transmitter__GD: case__221_transmitter__GD, 
sync__parameterized1: top_ip__GC0, 
case__212_transmitter__GD: case__212_transmitter__GD, 
muxpart__54: transmitter__GCB75, 
logic__95: transmitter__GCB75, 
case__98: fsm__GB0, 
case__96: fsm__GB0, 
case__144: fsm__GB0, 
case__171_transmitter__GD: case__171_transmitter__GD, 
case__202: case__202_transmitter__GD, 
logic__176: transmitter__GCB75, 
case__17: transmitter__GCB59, 
case__160_transmitter__GD: case__160_transmitter__GD, 
case__184: case__184_transmitter__GD, 
muxpart__7: top_ip__GC0, 
datapath: transmitter__GCB59, 
case__115: fsm__GB0, 
case__167_transmitter__GD: case__167_transmitter__GD, 
datapath__25: receiver__GB1, 
datapath__17: receiver__GB1, 
case__11: transmitter__GCB59, 
reg__22_transmitter: reg__22_transmitter, 
case__173_transmitter__GD: case__173_transmitter__GD, 
case__182_transmitter__GD: case__182_transmitter__GD, 
case__223: case__223_transmitter__GD, 
case__9: top_ip__GC0, 
case__19_transmitter__GD: case__19_transmitter__GD, 
case__146: fsm__GB0, 
reg__36: receiver__GB1, 
case__255_receiver__GD: case__255_receiver__GD, 
case__164: case__164_transmitter__GD, 
case__6: top_ip__GC0, 
logic__16: top_ip__GC0, 
logic: top_ip__GC0, 
logic__99: transmitter__GCB75, 
case__177: case__177_transmitter__GD, 
case__166_transmitter__GD: case__166_transmitter__GD, 
case__209_transmitter__GD: case__209_transmitter__GD, 
datapath__10_transmitter__GD: datapath__10_transmitter__GD, 
sync__parameterized0: top_ip__GC0, 
case__206_transmitter__GD: case__206_transmitter__GD, 
case__117: fsm__GB0, 
case__195: case__195_transmitter__GD, 
muxpart__29: transmitter__GCB75, 
reg__4: top_ip__GC0, 
case__18: transmitter__GCB75, 
reg__6: top_ip__GC0, 
case__205_transmitter__GD: case__205_transmitter__GD, 
case__145: fsm__GB0, 
logic__435: receiver__GB1, 
case__210_transmitter__GD: case__210_transmitter__GD, 
sync: top_ip__GC0, 
case__181: case__181_transmitter__GD, 
datapath__22: receiver__GB1, 
case__208: case__208_transmitter__GD, 
logic__159: transmitter__GCB75, 
muxpart__123: receiver__GB1, 
reg__37: receiver__GB1, 
case__251: receiver__GB1, 
case__196: case__196_transmitter__GD, 
case__131: fsm__GB0, 
case__157: transmitter__GCB59, 
case__198: case__198_transmitter__GD, 
case__141: fsm__GB0, 
gray_to_bin__parameterized0: top_ip__GC0, 
muxpart__37: transmitter__GCB75, 
case__110: fsm__GB0, 
logic__28: top_ip__GC0, 
case__15: transmitter__GCB59, 
case__217: case__217_transmitter__GD, 
case__246: receiver__GB1, 
muxpart__18: transmitter__GCB75, 
logic__125: transmitter__GCB75, 
case__194: case__194_transmitter__GD, 
dsp48e2: transmitter__GCB59, 
reg__29: transmitter__GCB59, 
case__151: fsm__GB0, 
logic__111: transmitter__GCB75, 
case__4: top_ip__GC0, 
case__122: fsm__GB0, 
logic__113: transmitter__GCB75, 
muxpart__27: transmitter__GCB75, 
datapath__1: transmitter__GCB59, 
logic__405: receiver__GB1, 
case__133: fsm__GB0, 
muxpart__49: transmitter__GCB75, 
case__192_transmitter__GD: case__192_transmitter__GD, 
datapath__4: transmitter__GCB59, 
case__129: fsm__GB0, 
case__103: fsm__GB0, 
muxpart__126: receiver__GB1, 
case__24: transmitter__GCB75, 
datapath__18: receiver__GB1, 
muxpart__42: transmitter__GCB75, 
case__169: case__169_transmitter__GD, 
case__106: fsm__GB0, 
datapath__5: transmitter__GCB74, 
logic__181: transmitter__GCB75, 
case__181_transmitter__GD: case__181_transmitter__GD, 
case__99: fsm__GB0, 
case__165: case__165_transmitter__GD, 
reg__27: transmitter__GCB59, 
logic__120: transmitter__GCB75, 
muxpart__34: transmitter__GCB75, 
logic__101: transmitter__GCB75, 
case__196_transmitter__GD: case__196_transmitter__GD, 
case__113: fsm__GB0, 
logic__97: transmitter__GCB75, 
logic__127: transmitter__GCB75, 
muxpart__20: transmitter__GCB75, 
case__212: case__212_transmitter__GD, 
reg__38: receiver__GB1, 
logic__25: top_ip__GC0, 
muxpart__30: transmitter__GCB75, 
logic__169: transmitter__GCB75, 
case__216: case__216_transmitter__GD, 
case__177_transmitter__GD: case__177_transmitter__GD, 
logic__31: top_ip__GC0, 
case__219_transmitter__GD: case__219_transmitter__GD, 
case__107: fsm__GB0, 
case__27: transmitter__GCB59, 
case__163_transmitter__GD: case__163_transmitter__GD, 
logic__396: receiver__GB1, 
case__176: case__176_transmitter__GD, 
reg__11: top_ip__GC0, 
case__162_transmitter__GD: case__162_transmitter__GD, 
case__201: case__201_transmitter__GD, 
case__207_transmitter__GD: case__207_transmitter__GD, 
case__188_transmitter__GD: case__188_transmitter__GD, 
case__125: fsm__GB0, 
logic__204: transmitter__GCB59, 
logic__222: transmitter__GCB75, 
case__204: case__204_transmitter__GD, 
case: top_ip__GC0, 
logic__93: transmitter__GCB75, 
muxpart__45: transmitter__GCB75, 
case__100: fsm__GB0, 
case__255: case__255_receiver__GD, 
case__199_transmitter__GD: case__199_transmitter__GD, 
case__171: case__171_transmitter__GD, 
case__3: top_ip__GC0, 
logic__145: transmitter__GCB75, 
case__134: fsm__GB0, 
logic__32: top_ip__GC0, 
muxpart__21: transmitter__GCB75, 
case__213_transmitter__GD: case__213_transmitter__GD, 
logic__179: transmitter__GCB75, 
case__182: case__182_transmitter__GD, 
logic__171: transmitter__GCB75, 
case__139: fsm__GB0, 
logic__398: receiver__GB1, 
case__22: transmitter__GCB59, 
case__214: case__214_transmitter__GD, 
case__8: top_ip__GC0, 
case__152: fsm__GB0, 
muxpart__9: transmitter__GCB75, 
case__201_transmitter__GD: case__201_transmitter__GD, 
case__95: fsm__GB0, 
decoder_4to16: top_ip__GC0, 
case__108: fsm__GB0, 
case__193: case__193_transmitter__GD, 
datapath__7: transmitter__GCB59, 
reg__13: top_ip__GC0, 
case__224: receiver__GB1, 
dsp48e2__3: receiver__GB1, 
reg__28_transmitter: reg__28_transmitter, 
case__220_transmitter__GD: case__220_transmitter__GD, 
case__109: fsm__GB0, 
case__149_transmitter__GD: case__149_transmitter__GD, 
encoder_2to1: top_ip__GC0, 
reg__35: receiver__GB1, 
case__215: case__215_transmitter__GD, 
ctrl_stt_reg: top_ip__GC0, 
reg__10: top_ip__GC0, 
muxpart__40: transmitter__GCB75, 
logic__215: transmitter__GCB59, 
case__186: case__186_transmitter__GD, 
muxpart__13: transmitter__GCB75, 
logic__185: transmitter__GCB75, 
logic__180: transmitter__GCB75, 
top_ip__GC0: top_ip__GC0, 
case__119: fsm__GB0, 
case__116: fsm__GB0, 
logic__107: transmitter__GCB75, 
case__189_transmitter__GD: case__189_transmitter__GD, 
case__183_transmitter__GD: case__183_transmitter__GD, 
case__153: fsm__GB0, 
transmitter__GCB44: transmitter__GCB44, 
case__94: fsm__GB0, 
reg__16: top_ip__GC0, 
logic__59: top_ip__GC0, 
logic__223: transmitter__GCB75, 
case__142: fsm__GB0, 
logic__151: transmitter__GCB75, 
case__161_transmitter__GD: case__161_transmitter__GD, 
case__172: case__172_transmitter__GD, 
case__205: case__205_transmitter__GD, 
case__136: fsm__GB0, 
case__170_transmitter__GD: case__170_transmitter__GD, 
case__92: fsm__GB0, 
logic__22: top_ip__GC0, 
logic__183: transmitter__GCB75, 
case__105: fsm__GB0, 
datapath__8: transmitter__GCB59, 
bin_to_gray__parameterized0: top_ip__GC0, 
logic__203: transmitter__GCB59, 
case__173: case__173_transmitter__GD, 
case__185_transmitter__GD: case__185_transmitter__GD, 
logic__399: receiver__GB1, 
reg__20: transmitter__GCB59, 
logic__27: top_ip__GC0, 
muxpart__122: receiver__GB1, 
reg__25: transmitter__GCB59, 
