muxpart__19: muxpart__19
case__219: case__219
muxpart__43: muxpart__43
datapath__10: datapath__10
muxpart__44: muxpart__44
logic__436: logic__436
case__248: case__248
case__210: case__210
logic__103: logic__103
reg__45: reg__17
case__254: case__254
case__149: case__149
logic__9: logic__9
datapath__3: datapath__3
case__180_transmitter__GD: case__180_transmitter__GD
case__155: case__155
case__226: case__226
case__23: case__23
case__187_transmitter__GD: case__187_transmitter__GD
case__130: case__130
muxpart__6: muxpart__6
muxpart__12: muxpart__12
case__214_transmitter__GD: case__214_transmitter__GD
case__243: case__243
logic__147: logic__147
case__164_transmitter__GD: case__164_transmitter__GD
transmitter__GCB59: transmitter__GCB59
case__197: case__197
transmitter__GCB74: transmitter__GCB74
case__168: case__168
case__123: case__123
case__172_transmitter__GD: case__172_transmitter__GD
logic__137: logic__137
case__207: case__207
case__97: case__97
gray_to_bin__parameterized0__1: gray_to_bin__parameterized0
case__191_transmitter__GD: case__191_transmitter__GD
logic__24: logic__24
case__206: case__206
logic__135: logic__135
case__147: case__147
datapath__23: datapath__23
case__93: case__93
case__221: case__221
case__220: case__220
datapath__11: datapath__11
logic__443: logic__35
muxpart__1: muxpart__1
case__257: case__257
case__200_transmitter__GD: case__200_transmitter__GD
case__20: case__20
muxpart__31: muxpart__31
logic__207: logic__207
muxpart__53: muxpart__53
datapath__12: datapath__12
case__198_transmitter__GD: case__198_transmitter__GD
case__148: case__148
logic__14: logic__14
datapath__13: datapath__13
case__12: case__12
case__179: case__179
case__160: case__160
case__159: case__159
encoder_4to2: encoder_4to2
case__167: case__167
logic__19: logic__19
muxpart__139: muxpart
datapath__21: datapath__21
muxpart__51: muxpart__51
case__193_transmitter__GD: case__193_transmitter__GD
logic__184: logic__184
case__249: case__249
case__222: case__222
datapath__6: datapath__6
muxpart__55: muxpart__55
case__104: case__104
logic__394: logic__394
logic__115: logic__115
case__161: case__161
muxpart__4: muxpart__4
reg__1: reg__1
case__225: case__225
logic__119: logic__119
case__25: case__25
case__140: case__140
logic__193: logic__193
datapath__14: datapath__14
reg__17: reg__17
case__183: case__183
case__132: case__132
reg__21_transmitter: reg__21_transmitter
muxpart__15: muxpart__15
logic__123: logic__123
case__180: case__180
muxpart__24: muxpart__24
logic__141: logic__141
case__218_transmitter__GD: case__218_transmitter__GD
bin_to_gray__parameterized0__1: bin_to_gray__parameterized0
logic__1: logic__1
logic__152: logic__152
muxpart: muxpart
case__188: case__188
case__175_transmitter__GD: case__175_transmitter__GD
logic__168: logic__168
case__114: case__114
case__166: case__166
datapath__12_transmitter__GD: datapath__12_transmitter__GD
reg__44: reg__16
case__250: case__250
logic__35: logic__35
logic__17: logic__17
case__218: case__218
case__223_transmitter__GD: case__223_transmitter__GD
muxpart__3: muxpart__3
logic__149: logic__149
case__209: case__209
muxpart__124: muxpart__124
reg__30: reg__30
case__256_receiver__GD: case__256_receiver__GD
muxpart__11: muxpart__11
case__215_transmitter__GD: case__215_transmitter__GD
case__185: case__185
logic__175: logic__175
logic__30: logic__30
logic__165: logic__165
bin_to_gray: bin_to_gray
gray_to_bin__1: gray_to_bin
case__120: case__120
case__1: case__1
muxpart__10: muxpart__10
case__186_transmitter__GD: case__186_transmitter__GD
reg__32: reg__32
case__112: case__112
case__174: case__174
case__150: case__150
reg__15: reg__15
logic__157: logic__157
case__204_transmitter__GD: case__204_transmitter__GD
logic__34: logic__34
muxpart__8: muxpart__8
muxpart__39: muxpart__39
counter: counter
logic__121: logic__121
muxpart__32: muxpart__32
case__168_transmitter__GD: case__168_transmitter__GD
case__190_transmitter__GD: case__190_transmitter__GD
reg__39: reg__15
case__7: case__7
logic__129: logic__129
logic__440: logic__59
case__14: case__14
case__211: case__211
logic__143: logic__143
muxpart__22: muxpart__22
case__256: case__256
case__195_transmitter__GD: case__195_transmitter__GD
logic__41: logic__41
muxpart__38: muxpart__38
case__211_transmitter__GD: case__211_transmitter__GD
case__200: case__200
case__197_transmitter__GD: case__197_transmitter__GD
datapath__15: datapath__15
receiver__GB1: receiver__GB1
muxpart__120: muxpart__120
case__191: case__191
reg__19: reg__19
muxpart__5: muxpart__5
muxpart__36: muxpart__36
muxpart__35: muxpart__35
case__222_transmitter__GD: case__222_transmitter__GD
reg__43: reg__17
logic__109: logic__109
case__10: case__10
encoder_16to1: encoder_16to1
case__137: case__137
reg__26: reg__26
case__124: case__124
muxpart__46: muxpart__46
case__217_transmitter__GD: case__217_transmitter__GD
case__154: case__154
logic__21: logic__21
logic__192: logic__192
logic__153: logic__153
case__118: case__118
transmitter__GCB75: transmitter__GCB75
reg__46: reg__16
datapath__16: datapath__16
logic__444: logic__35
case__127: case__127
case__101: case__101
case__170: case__170
case__202_transmitter__GD: case__202_transmitter__GD
muxpart__41: muxpart__41
datapath__11_transmitter__GD: datapath__11_transmitter__GD
reg__8: reg__8
case__5: case__5
fsm__GB0: fsm__GB0
case__190: case__190
reg__2: reg__2
case__102: case__102
logic__33: logic__33
case__26: case__26
case__158: case__158
logic__26: logic__26
muxpart__28: muxpart__28
case__176_transmitter__GD: case__176_transmitter__GD
case__194_transmitter__GD: case__194_transmitter__GD
case__21: case__21
case__203: case__203
muxpart__125: muxpart__125
muxpart__121_transmitter: muxpart__121_transmitter
logic__2: logic__2
case__242: case__242
muxpart__17: muxpart__17
sync__parameterized0__1: sync__parameterized0
muxpart__16: muxpart__16
muxpart__25: muxpart__25
case__121: case__121
reg__3: reg__3
logic__161: logic__161
logic__173: logic__173
case__163: case__163
logic__393: logic__393
logic__105: logic__105
logic__163: logic__163
case__16: case__16
case__128: case__128
muxpart__14: muxpart__14
case__179_transmitter__GD: case__179_transmitter__GD
gray_to_bin: gray_to_bin
logic__131: logic__131
case__19: case__19
case__244: case__244
datapath__9: datapath__9
case__138: case__138
muxpart__48: muxpart__48
case__252: case__252
muxpart__23: muxpart__23
muxpart__2: muxpart__2
muxpart__52: muxpart__52
case__216_transmitter__GD: case__216_transmitter__GD
logic__395: logic__395
case__189: case__189
muxpart__33: muxpart__33
reg__5: reg__5
case__143: case__143
reg__14: reg__14
logic__155: logic__155
logic__133: logic__133
case__192: case__192
case__178: case__178
reg__18: reg__18
reg__12: reg__12
reg__9: reg__9
case__2: case__2
case__213: case__213
case__174_transmitter__GD: case__174_transmitter__GD
case__178_transmitter__GD: case__178_transmitter__GD
case__247: case__247
dsp48e2__2: dsp48e2__2
logic__442: logic__65
logic__15: logic__15
logic__167: logic__167
logic__177: logic__177
muxpart__47: muxpart__47
reg: reg
logic__139: logic__139
muxpart__56: muxpart__56
case__162: case__162
case__245: case__245
case__169_transmitter__GD: case__169_transmitter__GD
datapath__2: datapath__2
case__199: case__199
case__175: case__175
gray_to_bin__parameterized0__2: gray_to_bin__parameterized0
encoder_16to4: encoder_16to4
sync__parameterized0__2: sync__parameterized0
logic__447: logic__2
case__187: case__187
case__165_transmitter__GD: case__165_transmitter__GD
case__184_transmitter__GD: case__184_transmitter__GD
case__156: case__156
reg__31: reg__31
case__135: case__135
muxpart__50: muxpart__50
logic__91: logic__91
case__203_transmitter__GD: case__203_transmitter__GD
case__208_transmitter__GD: case__208_transmitter__GD
case__253: case__253
reg__7: reg__7
logic__117: logic__117
case__126: case__126
logic__182: logic__182
datapath__24: datapath__24
datapath__19: datapath__19
logic__65: logic__65
muxpart__26: muxpart__26
dsp48e2__1: dsp48e2__1
datapath__20: datapath__20
case__111: case__111
case__221_transmitter__GD: case__221_transmitter__GD
sync__parameterized1: sync__parameterized1
case__212_transmitter__GD: case__212_transmitter__GD
muxpart__54: muxpart__54
logic__95: logic__95
case__98: case__98
case__96: case__96
case__144: case__144
case__171_transmitter__GD: case__171_transmitter__GD
case__202: case__202
logic__176: logic__176
case__17: case__17
case__160_transmitter__GD: case__160_transmitter__GD
case__184: case__184
muxpart__7: muxpart__7
datapath: datapath
case__115: case__115
case__167_transmitter__GD: case__167_transmitter__GD
datapath__25: datapath__25
datapath__17: datapath__17
case__11: case__11
reg__22_transmitter: reg__22_transmitter
case__173_transmitter__GD: case__173_transmitter__GD
case__182_transmitter__GD: case__182_transmitter__GD
case__223: case__223
case__9: case__9
case__19_transmitter__GD: case__19_transmitter__GD
case__146: case__146
reg__36: reg__36
sync__parameterized1__1: sync__parameterized1
case__255_receiver__GD: case__255_receiver__GD
case__164: case__164
case__6: case__6
logic__16: logic__16
logic: logic
logic__99: logic__99
case__177: case__177
case__166_transmitter__GD: case__166_transmitter__GD
case__209_transmitter__GD: case__209_transmitter__GD
reg__41: reg__15
datapath__10_transmitter__GD: datapath__10_transmitter__GD
sync__parameterized0: sync__parameterized0
case__206_transmitter__GD: case__206_transmitter__GD
case__117: case__117
case__195: case__195
muxpart__29: muxpart__29
reg__4: reg__4
logic__449: logic
case__18: case__18
reg__6: reg__6
case__205_transmitter__GD: case__205_transmitter__GD
case__145: case__145
logic__435: logic__435
case__210_transmitter__GD: case__210_transmitter__GD
sync: sync
case__181: case__181
datapath__22: datapath__22
case__208: case__208
logic__159: logic__159
muxpart__123: muxpart__123
reg__37: reg__37
case__251: case__251
case__196: case__196
case__131: case__131
case__157: case__157
case__198: case__198
case__141: case__141
gray_to_bin__parameterized0: gray_to_bin__parameterized0
muxpart__37: muxpart__37
case__110: case__110
reg__40: reg__14
logic__28: logic__28
encoder_16to4__1: encoder_16to4
logic__445: logic__41
case__15: case__15
case__217: case__217
case__246: case__246
logic__448: logic__1
muxpart__18: muxpart__18
logic__125: logic__125
case__194: case__194
dsp48e2: dsp48e2
reg__29: reg__29
case__151: case__151
logic__111: logic__111
case__4: case__4
case__122: case__122
logic__113: logic__113
decoder_4to16__1: decoder_4to16
muxpart__27: muxpart__27
datapath__1: datapath__1
logic__405: logic__405
case__133: case__133
muxpart__49: muxpart__49
bin_to_gray__2: bin_to_gray
case__192_transmitter__GD: case__192_transmitter__GD
datapath__4: datapath__4
case__129: case__129
case__103: case__103
muxpart__126: muxpart__126
case__24: case__24
datapath__18: datapath__18
muxpart__42: muxpart__42
case__169: case__169
case__106: case__106
datapath__5: datapath__5
logic__181: logic__181
case__181_transmitter__GD: case__181_transmitter__GD
case__99: case__99
reg__42: reg__14
case__165: case__165
logic__441: logic__65
reg__27: reg__27
bin_to_gray__1: bin_to_gray
logic__120: logic__120
muxpart__34: muxpart__34
logic__101: logic__101
case__196_transmitter__GD: case__196_transmitter__GD
case__113: case__113
logic__97: logic__97
logic__127: logic__127
sync__parameterized1__2: sync__parameterized1
muxpart__20: muxpart__20
case__212: case__212
reg__38: reg__38
logic__25: logic__25
muxpart__30: muxpart__30
logic__169: logic__169
case__216: case__216
case__177_transmitter__GD: case__177_transmitter__GD
logic__31: logic__31
case__219_transmitter__GD: case__219_transmitter__GD
case__107: case__107
case__27: case__27
case__163_transmitter__GD: case__163_transmitter__GD
logic__396: logic__396
case__176: case__176
reg__11: reg__11
case__162_transmitter__GD: case__162_transmitter__GD
case__201: case__201
logic__439: logic__59
case__207_transmitter__GD: case__207_transmitter__GD
case__188_transmitter__GD: case__188_transmitter__GD
case__125: case__125
gray_to_bin__2: gray_to_bin
logic__204: logic__204
logic__222: logic__222
case__204: case__204
case: case
logic__93: logic__93
muxpart__45: muxpart__45
case__100: case__100
logic__446: logic__41
case__255: case__255
case__199_transmitter__GD: case__199_transmitter__GD
case__171: case__171
case__3: case__3
logic__145: logic__145
case__134: case__134
logic__32: logic__32
muxpart__21: muxpart__21
case__213_transmitter__GD: case__213_transmitter__GD
logic__179: logic__179
case__182: case__182
logic__171: logic__171
bin_to_gray__parameterized0__2: bin_to_gray__parameterized0
case__139: case__139
logic__398: logic__398
case__22: case__22
case__214: case__214
case__8: case__8
case__152: case__152
muxpart__9: muxpart__9
case__201_transmitter__GD: case__201_transmitter__GD
case__95: case__95
decoder_4to16: decoder_4to16
case__108: case__108
case__193: case__193
datapath__7: datapath__7
reg__13: reg__13
case__224: case__224
dsp48e2__3: dsp48e2__3
reg__28_transmitter: reg__28_transmitter
case__220_transmitter__GD: case__220_transmitter__GD
case__109: case__109
case__149_transmitter__GD: case__149_transmitter__GD
encoder_2to1: encoder_2to1
reg__35: reg__35
case__215: case__215
ctrl_stt_reg: ctrl_stt_reg
reg__10: reg__10
muxpart__40: muxpart__40
logic__215: logic__215
case__186: case__186
muxpart__13: muxpart__13
logic__185: logic__185
logic__180: logic__180
top_ip__GC0: top_ip__GC0
case__119: case__119
case__116: case__116
logic__107: logic__107
case__189_transmitter__GD: case__189_transmitter__GD
case__183_transmitter__GD: case__183_transmitter__GD
case__153: case__153
transmitter__GCB44: transmitter__GCB44
case__94: case__94
reg__16: reg__16
logic__59: logic__59
logic__223: logic__223
case__142: case__142
logic__151: logic__151
case__161_transmitter__GD: case__161_transmitter__GD
case__172: case__172
case__205: case__205
case__136: case__136
case__170_transmitter__GD: case__170_transmitter__GD
case__92: case__92
logic__22: logic__22
logic__183: logic__183
case__105: case__105
datapath__8: datapath__8
bin_to_gray__parameterized0: bin_to_gray__parameterized0
logic__203: logic__203
case__173: case__173
case__185_transmitter__GD: case__185_transmitter__GD
logic__399: logic__399
reg__20: reg__20
logic__27: logic__27
muxpart__122: muxpart__122
reg__25: reg__25
