case__101_transmitter__GD: case__101_transmitter__GD
case__77: case__77
case__66_transmitter__GD: case__66_transmitter__GD
case__75: case__75
case__74: case__74
case__35: case__35
datapath__8: datapath__8
case__28: case__28
transmitter__GCB72: transmitter__GCB72
case__95_transmitter__GD: case__95_transmitter__GD
case__79: case__79
case__73_transmitter__GD: case__73_transmitter__GD
case__47_transmitter__GD: case__47_transmitter__GD
case__89_transmitter__GD: case__89_transmitter__GD
case__98: case__98
case__33: case__33
datapath__6: datapath__6
case__59: case__59
reg__10: reg__10
case__66: case__66
case__69_transmitter__GD: case__69_transmitter__GD
case__82: case__82
case__44_transmitter__GD: case__44_transmitter__GD
case__73: case__73
case__48: case__48
case__53_transmitter__GD: case__53_transmitter__GD
case__4: case__4
datapath__2: datapath__2
case__88_transmitter__GD: case__88_transmitter__GD
case__45_transmitter__GD: case__45_transmitter__GD
case__60: case__60
reg__8: reg__8
datapath__4: datapath__4
fsm__GB1: fsm__GB1
case__81: case__81
case__2: case__2
case__62_transmitter__GD: case__62_transmitter__GD
transmitter__GCB73: transmitter__GCB73
case__83: case__83
case__96_transmitter__GD: case__96_transmitter__GD
case__55_transmitter__GD: case__55_transmitter__GD
datapath__9_transmitter__GD: datapath__9_transmitter__GD
case__96: case__96
reg__2_transmitter: reg__2_transmitter
logic__18: logic__18
case__93_transmitter__GD: case__93_transmitter__GD
case__77_transmitter__GD: case__77_transmitter__GD
case__75_transmitter__GD: case__75_transmitter__GD
case__97: case__97
case__91: case__91
case__64: case__64
case__86: case__86
case__64_transmitter__GD: case__64_transmitter__GD
case__90: case__90
case__80_transmitter__GD: case__80_transmitter__GD
case__57_transmitter__GD: case__57_transmitter__GD
reg__1: reg__1
case__78_transmitter__GD: case__78_transmitter__GD
case__90_transmitter__GD: case__90_transmitter__GD
case__85_transmitter__GD: case__85_transmitter__GD
transmitter__GCB54: transmitter__GCB54
case__102_transmitter__GD: case__102_transmitter__GD
case__45: case__45
case__49: case__49
reg__7: reg__7
case__93: case__93
logic__26_transmitter__GD: logic__26_transmitter__GD
case__30: case__30
reg__3_transmitter: reg__3_transmitter
case__43_transmitter__GD: case__43_transmitter__GD
case__40: case__40
case__40_transmitter__GD: case__40_transmitter__GD
reg__6: reg__6
case__52: case__52
case__86_transmitter__GD: case__86_transmitter__GD
datapath__12: datapath__12
case__102: case__102
case__46_transmitter__GD: case__46_transmitter__GD
case: case
case__3: case__3
case__23: case__23
case__99_transmitter__GD: case__99_transmitter__GD
datapath__9: datapath__9
case__71_transmitter__GD: case__71_transmitter__GD
transmitter__GCB3: transmitter__GCB3
datapath__10_transmitter__GD: datapath__10_transmitter__GD
case__62: case__62
case__37: case__37
case__83_transmitter__GD: case__83_transmitter__GD
case__91_transmitter__GD: case__91_transmitter__GD
datapath__12_transmitter__GD: datapath__12_transmitter__GD
case__51: case__51
case__61_transmitter__GD: case__61_transmitter__GD
case__78: case__78
datapath: datapath
case__9: case__9
datapath__1: datapath__1
case__67: case__67
case__27: case__27
case__68_transmitter__GD: case__68_transmitter__GD
case__47: case__47
case__43: case__43
case__50: case__50
case__31: case__31
case__63_transmitter__GD: case__63_transmitter__GD
case__59_transmitter__GD: case__59_transmitter__GD
case__56: case__56
case__60_transmitter__GD: case__60_transmitter__GD
case__44: case__44
datapath__11: datapath__11
logic: logic
case__100_transmitter__GD: case__100_transmitter__GD
case__85: case__85
case__1: case__1
case__36: case__36
case__79_transmitter__GD: case__79_transmitter__GD
case__7: case__7
case__61: case__61
case__24: case__24
case__54_transmitter__GD: case__54_transmitter__GD
case__81_transmitter__GD: case__81_transmitter__GD
case__26_transmitter__GD: case__26_transmitter__GD
case__97_transmitter__GD: case__97_transmitter__GD
logic__26: logic__26
case__38: case__38
case__84: case__84
case__58_transmitter__GD: case__58_transmitter__GD
case__29: case__29
transmitter__GCB19: transmitter__GCB19
case__70_transmitter__GD: case__70_transmitter__GD
case__42: case__42
muxpart: muxpart
case__52_transmitter__GD: case__52_transmitter__GD
case__46: case__46
case__87: case__87
case__48_transmitter__GD: case__48_transmitter__GD
case__8: case__8
case__53: case__53
case__67_transmitter__GD: case__67_transmitter__GD
datapath__10: datapath__10
case__101: case__101
case__80: case__80
case__57: case__57
case__51_transmitter__GD: case__51_transmitter__GD
case__49_transmitter__GD: case__49_transmitter__GD
reg__11: reg__11
case__63: case__63
case__32: case__32
dsp48e2: dsp48e2
case__42_transmitter__GD: case__42_transmitter__GD
case__76: case__76
case__103: case__103
case__98_transmitter__GD: case__98_transmitter__GD
datapath__5: datapath__5
datapath__3: datapath__3
case__72_transmitter__GD: case__72_transmitter__GD
case__41: case__41
case__39: case__39
case__99: case__99
logic__30: logic__30
case__100: case__100
case__95: case__95
case__6: case__6
case__25: case__25
case__39_transmitter__GD: case__39_transmitter__GD
datapath__7: datapath__7
case__34: case__34
case__41_transmitter__GD: case__41_transmitter__GD
case__74_transmitter__GD: case__74_transmitter__GD
case__55: case__55
case__104: case__104
case__65_transmitter__GD: case__65_transmitter__GD
case__92: case__92
case__58: case__58
case__26: case__26
reg: reg
case__72: case__72
case__71: case__71
case__88: case__88
case__92_transmitter__GD: case__92_transmitter__GD
case__84_transmitter__GD: case__84_transmitter__GD
case__105: case__105
case__68: case__68
case__70: case__70
case__76_transmitter__GD: case__76_transmitter__GD
case__56_transmitter__GD: case__56_transmitter__GD
muxpart__13_transmitter: muxpart__13_transmitter
case__65: case__65
logic__25: logic__25
case__87_transmitter__GD: case__87_transmitter__GD
case__94: case__94
dsp48e2__1: dsp48e2__1
reg__9: reg__9
case__94_transmitter__GD: case__94_transmitter__GD
case__50_transmitter__GD: case__50_transmitter__GD
case__5: case__5
case__69: case__69
case__54: case__54
case__89: case__89
case__82_transmitter__GD: case__82_transmitter__GD
