top_ip: transmitter__GCB6, receiver__GCB7, transmitter__GCB9, transmitter__GCB11, receiver__GCB20, receiver__GCB1, receiver__GCB17, transmitter__GCB17, transmitter__GCB14, receiver__GCB4, transmitter__GCB19, transmitter__GCB7, fsm__GB1, datapath__17_transmitter__GD, receiver__GCB11, datapath__29_receiver__GD, receiver__GCB18, reg__21_transmitter, receiver__GCB16, datapath__26_receiver__GD, datapath__6_transmitter__GD, case__4683_receiver__GD, transmitter__GCB16, transmitter__GCB10, transmitter__GCB5, fsm__GB0, receiver__GCB2, datapath__40_receiver__GD, transmitter__GCB13, datapath__13_transmitter__GD, transmitter__GCB15, receiver__GCB13, transmitter__GCB18, transmitter__GCB12, fsm__1__GB2, reg__32_receiver, receiver__GCB19, receiver__GCB3, receiver__GCB6, top_ip__GC0, receiver__GCB15, case__4682_receiver__GD, datapath__7_transmitter__GD, datapath__28_receiver__GD, datapath__4_transmitter__GD, receiver__GCB14, 
receiver: receiver__GCB1, receiver__GCB19, receiver__GCB17, datapath__40_receiver__GD, datapath__26_receiver__GD, receiver__GCB14, receiver__GCB20, receiver__GCB3, receiver__GCB4, receiver__GCB7, receiver__GCB13, receiver__GCB18, datapath__29_receiver__GD, receiver__GCB11, reg__32_receiver, receiver__GCB6, case__4682_receiver__GD, receiver__GCB2, datapath__28_receiver__GD, case__4683_receiver__GD, fsm__1__GB2, receiver__GCB16, receiver__GCB15, 
transmitter: datapath__7_transmitter__GD, transmitter__GCB14, transmitter__GCB10, transmitter__GCB15, transmitter__GCB18, transmitter__GCB16, transmitter__GCB19, fsm__GB0, transmitter__GCB12, transmitter__GCB7, datapath__4_transmitter__GD, datapath__6_transmitter__GD, datapath__17_transmitter__GD, datapath__13_transmitter__GD, fsm__GB1, transmitter__GCB13, transmitter__GCB17, transmitter__GCB5, transmitter__GCB6, reg__21_transmitter, transmitter__GCB9, transmitter__GCB11, 
